BL51 BANKED LINKER/LOCATER V6.22.2.0                                                    05/27/2023  16:07:47  PAGE 1


BL51 BANKED LINKER/LOCATER V6.22.2.0, INVOKED BY:
D:\C51\BIN\BL51.EXE .\Objects\STARTUP.obj, .\Objects\main.obj, .\Objects\oled.obj, .\Objects\ultra_sonic.obj, .\Objects\
>> bluetooth.obj, .\Objects\driver.obj, .\Objects\tracking.obj, .\Objects\obstacle_avoidance.obj TO .\Objects\oled_test 
>> PRINT (.\Listings\oled_test.m51)


MEMORY MODEL: SMALL WITH FLOATING POINT ARITHMETIC


INPUT MODULES INCLUDED:
  .\Objects\STARTUP.obj (?C_STARTUP)
  .\Objects\main.obj (MAIN)
  .\Objects\oled.obj (OLED)
  .\Objects\ultra_sonic.obj (ULTRA_SONIC)
  .\Objects\bluetooth.obj (BLUETOOTH)
  .\Objects\driver.obj (DRIVER)
  .\Objects\tracking.obj (TRACKING)
  .\Objects\obstacle_avoidance.obj (OBSTACLE_AVOIDANCE)
  D:\C51\LIB\C51FPS.LIB (?C?FPADD)
  D:\C51\LIB\C51FPS.LIB (?C?FPMUL)
  D:\C51\LIB\C51FPS.LIB (?C?FPCMP)
  D:\C51\LIB\C51FPS.LIB (?C?FPNEG)
  D:\C51\LIB\C51FPS.LIB (?C?FCAST)
  D:\C51\LIB\C51FPS.LIB (?C?CASTF)
  D:\C51\LIB\C51FPS.LIB (?C?FPGETOPN)
  D:\C51\LIB\C51S.LIB (?C_INIT)
  D:\C51\LIB\C51S.LIB (?C?CLDOPTR)
  D:\C51\LIB\C51S.LIB (?C?IMUL)
  D:\C51\LIB\C51S.LIB (?C?UIDIV)
  D:\C51\LIB\C51S.LIB (?C?LNEG)
  D:\C51\LIB\C51S.LIB (?C?LSHL)
  D:\C51\LIB\C51S.LIB (?C?CCASE)


LINK MAP OF MODULE:  .\Objects\oled_test (?C_STARTUP)


            TYPE    BASE      LENGTH    RELOCATION   SEGMENT NAME
            -----------------------------------------------------

            * * * * * * *   D A T A   M E M O R Y   * * * * * * *
            REG     0000H     0008H     ABSOLUTE     "REG BANK 0"
            DATA    0008H     0011H     UNIT         ?DT?_OLED_PRINTF_FLOAT?OLED
            DATA    0019H     0005H     UNIT         ?DT?BLUETOOTH
            DATA    001EH     0002H     UNIT         ?DT?DRIVER
            BIT     0020H.0   0000H.1   UNIT         _BIT_GROUP_
                    0020H.1   0000H.7                *** GAP ***
            DATA    0021H     000CH     UNIT         _DATA_GROUP_
            DATA    002DH     0004H     UNIT         ?DT?MEASURE_DISTANCE?ULTRA_SONIC
            DATA    0031H     0004H     UNIT         ?DT?ULTRA_SONIC
            DATA    0035H     0002H     UNIT         ?DT?TRACKING
            DATA    0037H     0002H     UNIT         ?DT?OBSTACLE_AVOIDANCE
            IDATA   0039H     0001H     UNIT         ?STACK

            * * * * * * *   C O D E   M E M O R Y   * * * * * * *
            CODE    0000H     0003H     ABSOLUTE     
            CODE    0003H     0008H     UNIT         ?PR?STARTMODULE?ULTRA_SONIC
            CODE    000BH     0003H     ABSOLUTE     
BL51 BANKED LINKER/LOCATER V6.22.2.0                                                  05/27/2023  16:07:47  PAGE 2


            CODE    000EH     0013H     UNIT         ?PR?BLUETOOTH_INIT?BLUETOOTH
                    0021H     0002H                  *** GAP ***
            CODE    0023H     0003H     ABSOLUTE     
            CODE    0026H     0606H     UNIT         ?CO?OLED
            CODE    062CH     0422H     UNIT         ?C?LIB_CODE
            CODE    0A4EH     010CH     UNIT         ?PR?_OLED_PRINTF_FLOAT?OLED
            CODE    0B5AH     00D2H     UNIT         ?PR?UART_SER?BLUETOOTH
            CODE    0C2CH     00BCH     UNIT         ?PR?_OLED_P8X16STR?OLED
            CODE    0CE8H     00A2H     UNIT         ?PR?OLED_INIT?OLED
            CODE    0D8AH     008CH     UNIT         ?C_C51STARTUP
            CODE    0E16H     0077H     UNIT         ?PR?OBSTACLEAVOIDANCE?OBSTACLE_AVOIDANCE
            CODE    0E8DH     006AH     UNIT         ?PR?MEASURE_DISTANCE?ULTRA_SONIC
            CODE    0EF7H     004BH     UNIT         ?PR?BLUETOOTHCONTROLCAR?BLUETOOTH
            CODE    0F42H     0045H     UNIT         ?PR?UNICOLED?MAIN
            CODE    0F87H     0041H     UNIT         ?PR?TRACK?TRACKING
            CODE    0FC8H     003EH     UNIT         ?PR?_OLED_FILL?OLED
            CODE    1006H     0033H     UNIT         ?PR?INTERRUPTTIMER0?DRIVER
            CODE    1039H     002FH     UNIT         ?PR?_WRITE_IIC_BYTE?OLED
            CODE    1068H     002BH     UNIT         ?PR?DAZHUAN1?TRACKING
            CODE    1093H     002BH     UNIT         ?PR?DAZHUAN2?TRACKING
            CODE    10BEH     002BH     UNIT         ?PR?WEITIAO1?TRACKING
            CODE    10E9H     002BH     UNIT         ?PR?WEITIAO2?TRACKING
            CODE    1114H     0029H     UNIT         ?PR?MOTOR_LEFT?DRIVER
            CODE    113DH     0029H     UNIT         ?PR?MOTOR_RIGHT?DRIVER
            CODE    1166H     0025H     UNIT         ?CO?MAIN
            CODE    118BH     0023H     UNIT         ?PR?UNICTRAC?MAIN
            CODE    11AEH     0020H     UNIT         ?PR?_OLED_SET_POS?OLED
            CODE    11CEH     001FH     UNIT         ?PR?TRACKING?MAIN
            CODE    11EDH     001EH     UNIT         ?PR?_OLED_WRDAT?OLED
            CODE    120BH     001EH     UNIT         ?PR?_OLED_DELAYMS?OLED
            CODE    1229H     001CH     UNIT         ?PR?QUIET?MAIN
            CODE    1245H     001CH     UNIT         ?C_INITSEG
            CODE    1261H     001BH     UNIT         ?PR?RUN?MAIN
            CODE    127CH     0017H     UNIT         ?PR?_OLED_WRCMD?OLED
            CODE    1293H     0017H     UNIT         ?PR?DRIVER_TIMER0INIT?DRIVER
            CODE    12AAH     0010H     UNIT         ?PR?ZHIZOU?TRACKING
            CODE    12BAH     000DH     UNIT         ?PR?MAIN?MAIN
            CODE    12C7H     000CH     UNIT         ?PR?TIMER1INIT?ULTRA_SONIC
            CODE    12D3H     000BH     UNIT         ?PR?_OLED_DELAYUS?OLED
            CODE    12DEH     0009H     UNIT         ?PR?IIC_START?OLED
            CODE    12E7H     0009H     UNIT         ?PR?IIC_STOP?OLED
            CODE    12F0H     0006H     UNIT         ?PR?DELAY20US?ULTRA_SONIC
            CODE    12F6H     0005H     UNIT         ?PR?OLED_CLS?OLED
            CODE    12FBH     0005H     UNIT         ?PR?MOTOR_STOP?DRIVER
            CODE    1300H     0003H     UNIT         ?PR?BLUETOOTHCON?MAIN



OVERLAY MAP OF MODULE:   .\Objects\oled_test (?C_STARTUP)


SEGMENT                                             BIT_GROUP          DATA_GROUP 
  +--> CALLED SEGMENT                            START    LENGTH     START    LENGTH
------------------------------------------------------------------------------------
?C_C51STARTUP                                    -----    -----      -----    -----
  +--> ?PR?MAIN?MAIN
  +--> ?C_INITSEG
BL51 BANKED LINKER/LOCATER V6.22.2.0                                                  05/27/2023  16:07:47  PAGE 3



?PR?MAIN?MAIN                                    -----    -----      -----    -----
  +--> ?PR?DRIVER_TIMER0INIT?DRIVER
  +--> ?PR?TRACKING?MAIN

?PR?TRACKING?MAIN                                -----    -----      -----    -----
  +--> ?PR?OLED_CLS?OLED
  +--> ?CO?MAIN
  +--> ?PR?_OLED_P8X16STR?OLED
  +--> ?PR?TRACK?TRACKING

?PR?OLED_CLS?OLED                                -----    -----      -----    -----
  +--> ?PR?_OLED_FILL?OLED

?PR?_OLED_FILL?OLED                              -----    -----      0021H    0003H
  +--> ?PR?_OLED_WRCMD?OLED
  +--> ?PR?_OLED_WRDAT?OLED

?PR?_OLED_WRCMD?OLED                             -----    -----      002CH    0001H
  +--> ?PR?IIC_START?OLED
  +--> ?PR?_WRITE_IIC_BYTE?OLED
  +--> ?PR?IIC_STOP?OLED

?PR?_WRITE_IIC_BYTE?OLED                         -----    -----      -----    -----
  +--> ?PR?_OLED_DELAYUS?OLED

?PR?_OLED_WRDAT?OLED                             -----    -----      002BH    0001H
  +--> ?PR?IIC_START?OLED
  +--> ?PR?_WRITE_IIC_BYTE?OLED
  +--> ?PR?IIC_STOP?OLED

?PR?_OLED_P8X16STR?OLED                          -----    -----      0021H    000AH
  +--> ?PR?_OLED_SET_POS?OLED
  +--> ?CO?OLED
  +--> ?PR?_OLED_WRDAT?OLED

?PR?_OLED_SET_POS?OLED                           -----    -----      002BH    0001H
  +--> ?PR?_OLED_WRCMD?OLED

?PR?TRACK?TRACKING                               -----    -----      -----    -----
  +--> ?PR?DAZHUAN1?TRACKING
  +--> ?PR?WEITIAO1?TRACKING
  +--> ?PR?WEITIAO2?TRACKING
  +--> ?PR?DAZHUAN2?TRACKING
  +--> ?PR?ZHIZOU?TRACKING

?PR?DAZHUAN1?TRACKING                            -----    -----      -----    -----
  +--> ?PR?MOTOR_LEFT?DRIVER
  +--> ?PR?MOTOR_RIGHT?DRIVER

?PR?MOTOR_LEFT?DRIVER                            0020H.0  0000H.1    0021H    0001H

?PR?MOTOR_RIGHT?DRIVER                           0020H.0  0000H.1    0021H    0001H

?PR?WEITIAO1?TRACKING                            -----    -----      -----    -----
  +--> ?PR?MOTOR_LEFT?DRIVER
  +--> ?PR?MOTOR_RIGHT?DRIVER
BL51 BANKED LINKER/LOCATER V6.22.2.0                                                  05/27/2023  16:07:47  PAGE 4



?PR?WEITIAO2?TRACKING                            -----    -----      -----    -----
  +--> ?PR?MOTOR_LEFT?DRIVER
  +--> ?PR?MOTOR_RIGHT?DRIVER

?PR?DAZHUAN2?TRACKING                            -----    -----      -----    -----
  +--> ?PR?MOTOR_LEFT?DRIVER
  +--> ?PR?MOTOR_RIGHT?DRIVER

?PR?ZHIZOU?TRACKING                              -----    -----      -----    -----
  +--> ?PR?MOTOR_LEFT?DRIVER
  +--> ?PR?MOTOR_RIGHT?DRIVER



SYMBOL TABLE OF MODULE:  .\Objects\oled_test (?C_STARTUP)

  VALUE           TYPE          NAME
  ----------------------------------

  -------         MODULE        ?C_STARTUP
  C:0D8AH         SEGMENT       ?C_C51STARTUP
  I:0039H         SEGMENT       ?STACK
  C:0000H         PUBLIC        ?C_STARTUP
  D:00E0H         SYMBOL        ACC
  D:00F0H         SYMBOL        B
  D:0083H         SYMBOL        DPH
  D:0082H         SYMBOL        DPL
  N:0000H         SYMBOL        IBPSTACK
  N:0100H         SYMBOL        IBPSTACKTOP
  N:0080H         SYMBOL        IDATALEN
  C:0D8DH         SYMBOL        IDATALOOP
  N:0000H         SYMBOL        PBPSTACK
  N:0100H         SYMBOL        PBPSTACKTOP
  N:0000H         SYMBOL        PDATALEN
  N:0000H         SYMBOL        PDATASTART
  N:0000H         SYMBOL        PPAGE
  N:0000H         SYMBOL        PPAGEENABLE
  D:00A0H         SYMBOL        PPAGE_SFR
  D:0081H         SYMBOL        SP
  C:0D8AH         SYMBOL        STARTUP1
  N:0000H         SYMBOL        XBPSTACK
  N:0000H         SYMBOL        XBPSTACKTOP
  N:0000H         SYMBOL        XDATALEN
  N:0000H         SYMBOL        XDATASTART
  C:0000H         LINE#         126
  C:0D8AH         LINE#         133
  C:0D8CH         LINE#         134
  C:0D8DH         LINE#         135
  C:0D8EH         LINE#         136
  C:0D90H         LINE#         185
  C:0D93H         LINE#         196
  -------         ENDMOD        ?C_STARTUP

  -------         MODULE        MAIN
  C:0000H         SYMBOL        _ICE_DUMMY_
  D:0090H         PUBLIC        P1
BL51 BANKED LINKER/LOCATER V6.22.2.0                                                  05/27/2023  16:07:47  PAGE 5


  D:00A0H         PUBLIC        P2
  D:00B0H         PUBLIC        P3
  C:1229H         PUBLIC        Quiet
  D:00A8H         PUBLIC        IE
  C:0F42H         PUBLIC        UnicOled
  D:00B8H         PUBLIC        IP
  C:118BH         PUBLIC        UnicTrac
  C:12BAH         PUBLIC        main
  D:0098H         PUBLIC        SCON
  D:0088H         PUBLIC        TCON
  C:1261H         PUBLIC        Run
  C:11CEH         PUBLIC        Tracking
  C:1300H         PUBLIC        BluetoothCon
  D:00C8H         PUBLIC        T2CON
  D:00D0H         PUBLIC        PSW
  -------         PROC          MAIN
  C:12BAH         LINE#         30
  C:12BAH         LINE#         31
  C:12BAH         LINE#         34
  C:12BDH         LINE#         35
  C:12BDH         LINE#         36
  C:12BDH         LINE#         40
  C:12C2H         LINE#         41
  C:12C5H         LINE#         52
  -------         ENDPROC       MAIN
  -------         PROC          QUIET
  C:1229H         LINE#         55
  C:1229H         LINE#         56
  C:1229H         LINE#         57
  C:122CH         LINE#         58
  C:123AH         LINE#         59
  C:123AH         LINE#         60
  C:1242H         LINE#         61
  C:1242H         LINE#         62
  -------         ENDPROC       QUIET
  -------         PROC          RUN
  C:1261H         LINE#         67
  C:1261H         LINE#         68
  C:1261H         LINE#         71
  C:1261H         LINE#         72
  C:1261H         LINE#         73
  C:1269H         LINE#         74
  C:1271H         LINE#         75
  C:1279H         LINE#         76
  C:1279H         LINE#         77
  -------         ENDPROC       RUN
  -------         PROC          TRACKING
  C:11CEH         LINE#         82
  C:11CEH         LINE#         83
  C:11CEH         LINE#         84
  C:11D1H         LINE#         85
  C:11DFH         LINE#         86
  C:11DFH         LINE#         87
  C:11DFH         LINE#         88
  C:11E2H         LINE#         89
  C:11EAH         LINE#         90
  C:11EAH         LINE#         91
BL51 BANKED LINKER/LOCATER V6.22.2.0                                                  05/27/2023  16:07:47  PAGE 6


  -------         ENDPROC       TRACKING
  -------         PROC          UNICOLED
  C:0F42H         LINE#         96
  C:0F42H         LINE#         97
  C:0F42H         LINE#         98
  C:0F45H         LINE#         99
  C:0F53H         LINE#         100
  C:0F53H         LINE#         101
  C:0F53H         LINE#         102
  C:0F56H         LINE#         103
  C:0F6CH         LINE#         104
  C:0F7CH         LINE#         105
  C:0F84H         LINE#         106
  C:0F84H         LINE#         107
  -------         ENDPROC       UNICOLED
  -------         PROC          UNICTRAC
  C:118BH         LINE#         112
  C:118BH         LINE#         113
  C:118BH         LINE#         114
  C:118EH         LINE#         115
  C:119CH         LINE#         116
  C:119CH         LINE#         117
  C:119CH         LINE#         118
  C:119FH         LINE#         119
  C:11A7H         LINE#         120
  C:11A7H         LINE#         121
  C:11ABH         LINE#         122
  -------         ENDPROC       UNICTRAC
  -------         PROC          BLUETOOTHCON
  C:1300H         LINE#         127
  C:1300H         LINE#         128
  C:1300H         LINE#         129
  -------         ENDPROC       BLUETOOTHCON
  -------         ENDMOD        MAIN

  -------         MODULE        OLED
  C:0000H         SYMBOL        _ICE_DUMMY_
  B:0090H.2       PUBLIC        OLED_RST
  D:0090H         PUBLIC        P1
  D:00A0H         PUBLIC        P2
  C:12D3H         PUBLIC        _oled_delayus
  D:00B0H         PUBLIC        P3
  D:00A8H         PUBLIC        IE
  C:0FC8H         PUBLIC        _OLED_Fill
  D:00B8H         PUBLIC        IP
  C:0CE8H         PUBLIC        OLED_Init
  C:0C2CH         PUBLIC        _OLED_P8x16Str
  C:0026H         PUBLIC        My6x8
  D:0098H         PUBLIC        SCON
  D:0088H         PUBLIC        TCON
  C:0A4EH         PUBLIC        _Oled_Printf_Float
  C:1039H         PUBLIC        _Write_IIC_Byte
  C:003CH         PUBLIC        F8X16
  C:11AEH         PUBLIC        _OLED_Set_Pos
  C:12DEH         PUBLIC        IIC_Start
  C:12E7H         PUBLIC        IIC_Stop
  B:00A0H.6       PUBLIC        OLED_SDA
BL51 BANKED LINKER/LOCATER V6.22.2.0                                                  05/27/2023  16:07:47  PAGE 7


  C:002CH         PUBLIC        My8x16
  C:127CH         PUBLIC        _OLED_WrCmd
  D:00C8H         PUBLIC        T2CON
  C:12F6H         PUBLIC        OLED_CLS
  B:00A0H.7       PUBLIC        OLED_SCL
  C:11F4H         PUBLIC        _OLED_WrDat
  C:120BH         PUBLIC        _oled_delayms
  D:00D0H         PUBLIC        PSW
  -------         PROC          IIC_START
  C:12DEH         LINE#         7
  C:12DEH         LINE#         8
  C:12DEH         LINE#         9
  C:12E0H         LINE#         11
  C:12E2H         LINE#         13
  C:12E4H         LINE#         15
  C:12E6H         LINE#         16
  -------         ENDPROC       IIC_START
  -------         PROC          IIC_STOP
  C:12E7H         LINE#         21
  C:12E7H         LINE#         22
  C:12E7H         LINE#         23
  C:12E9H         LINE#         25
  C:12EBH         LINE#         27
  C:12EDH         LINE#         29
  C:12EFH         LINE#         30
  -------         ENDPROC       IIC_STOP
  -------         PROC          _WRITE_IIC_BYTE
  D:0007H         SYMBOL        IIC_Byte
  -------         DO            
  D:0006H         SYMBOL        i
  -------         ENDDO         
  C:1039H         LINE#         35
  C:1039H         LINE#         36
  C:1039H         LINE#         38
  C:1045H         LINE#         39
  C:1045H         LINE#         40
  C:1049H         LINE#         41
  C:104DH         LINE#         43
  C:104FH         LINE#         45
  C:1051H         LINE#         47
  C:1053H         LINE#         49
  C:1057H         LINE#         50
  C:105AH         LINE#         51
  C:105CH         LINE#         53
  C:105EH         LINE#         54
  C:1065H         LINE#         55
  C:1067H         LINE#         56
  -------         ENDPROC       _WRITE_IIC_BYTE
  -------         PROC          L?0057
  -------         ENDPROC       L?0057
  -------         PROC          _OLED_WRDAT
  D:002BH         SYMBOL        IIC_Data
  C:11F4H         LINE#         59
  C:11F6H         LINE#         60
  C:11F6H         LINE#         61
  C:11F9H         LINE#         62
  C:11FEH         LINE#         63
BL51 BANKED LINKER/LOCATER V6.22.2.0                                                  05/27/2023  16:07:47  PAGE 8


  C:1203H         LINE#         64
  C:1208H         LINE#         65
  -------         ENDPROC       _OLED_WRDAT
  -------         PROC          _OLED_WRCMD
  D:002CH         SYMBOL        IIC_Command
  C:127CH         LINE#         69
  C:127EH         LINE#         70
  C:127EH         LINE#         71
  C:1281H         LINE#         72
  C:1286H         LINE#         73
  C:128BH         LINE#         74
  C:1290H         LINE#         75
  -------         ENDPROC       _OLED_WRCMD
  -------         PROC          _OLED_SET_POS
  D:002BH         SYMBOL        x
  D:0005H         SYMBOL        y
  C:11AEH         LINE#         79
  C:11B0H         LINE#         80
  C:11B0H         LINE#         81
  C:11B7H         LINE#         82
  C:11C4H         LINE#         83
  -------         ENDPROC       _OLED_SET_POS
  -------         PROC          _OLED_FILL
  D:0021H         SYMBOL        bmp_dat
  -------         DO            
  D:0022H         SYMBOL        y
  D:0023H         SYMBOL        x
  -------         ENDDO         
  C:0FC8H         LINE#         87
  C:0FCAH         LINE#         88
  C:0FCAH         LINE#         90
  C:0FD8H         LINE#         91
  C:0FD8H         LINE#         92
  C:0FE0H         LINE#         93
  C:0FE5H         LINE#         94
  C:0FEAH         LINE#         95
  C:0FF8H         LINE#         96
  C:1001H         LINE#         97
  C:1005H         LINE#         98
  -------         ENDPROC       _OLED_FILL
  -------         PROC          OLED_CLS
  C:12F6H         LINE#         101
  C:12F6H         LINE#         102
  C:12F6H         LINE#         103
  -------         ENDPROC       OLED_CLS
  -------         PROC          OLED_INIT
  C:0CE8H         LINE#         133
  C:0CE8H         LINE#         134
  C:0CE8H         LINE#         136
  C:0CEAH         LINE#         137
  C:0CF1H         LINE#         138
  C:0CF3H         LINE#         144
  C:0CF8H         LINE#         145
  C:0CFDH         LINE#         146
  C:0D02H         LINE#         147
  C:0D07H         LINE#         148
  C:0D0CH         LINE#         149
BL51 BANKED LINKER/LOCATER V6.22.2.0                                                  05/27/2023  16:07:47  PAGE 9


  C:0D11H         LINE#         150
  C:0D16H         LINE#         151
  C:0D1BH         LINE#         152
  C:0D20H         LINE#         153
  C:0D25H         LINE#         154
  C:0D2AH         LINE#         155
  C:0D2FH         LINE#         156
  C:0D34H         LINE#         157
  C:0D39H         LINE#         158
  C:0D3EH         LINE#         159
  C:0D43H         LINE#         160
  C:0D48H         LINE#         161
  C:0D4DH         LINE#         162
  C:0D52H         LINE#         163
  C:0D57H         LINE#         164
  C:0D5CH         LINE#         165
  C:0D61H         LINE#         166
  C:0D66H         LINE#         167
  C:0D6BH         LINE#         168
  C:0D70H         LINE#         169
  C:0D75H         LINE#         170
  C:0D7AH         LINE#         171
  C:0D7FH         LINE#         172
  C:0D84H         LINE#         173
  -------         ENDPROC       OLED_INIT
  -------         PROC          _OLED_P8X16STR
  D:0021H         SYMBOL        x
  D:0022H         SYMBOL        y
  D:0023H         SYMBOL        ch
  D:0026H         SYMBOL        against
  -------         DO            
  D:0027H         SYMBOL        c
  D:0028H         SYMBOL        i
  D:0029H         SYMBOL        j
  D:002AH         SYMBOL        Temp
  -------         ENDDO         
  C:0C2CH         LINE#         197
  C:0C36H         LINE#         198
  C:0C36H         LINE#         199
  C:0C3DH         LINE#         201
  C:0C45H         LINE#         202
  C:0C48H         LINE#         203
  C:0C5CH         LINE#         204
  C:0C5CH         LINE#         205
  C:0C60H         LINE#         206
  C:0C70H         LINE#         207
  C:0C77H         LINE#         208
  C:0C85H         LINE#         209
  C:0CA5H         LINE#         210
  C:0CAEH         LINE#         211
  C:0CBCH         LINE#         212
  C:0CDCH         LINE#         213
  C:0CE2H         LINE#         214
  C:0CE4H         LINE#         215
  C:0CE7H         LINE#         216
  -------         ENDPROC       _OLED_P8X16STR
  -------         PROC          _OLED_PRINTF_FLOAT
BL51 BANKED LINKER/LOCATER V6.22.2.0                                                  05/27/2023  16:07:47  PAGE 10


  D:0008H         SYMBOL        x
  D:0009H         SYMBOL        y
  D:000AH         SYMBOL        num
  D:000EH         SYMBOL        TextSize
  -------         DO            
  D:0007H         SYMBOL        i
  D:000FH         SYMBOL        result
  D:0017H         SYMBOL        tempH
  D:0003H         SYMBOL        tempL
  -------         ENDDO         
  C:0A4EH         LINE#         302
  C:0A52H         LINE#         303
  C:0A52H         LINE#         308
  C:0A58H         LINE#         309
  C:0A69H         LINE#         310
  C:0A69H         LINE#         311
  C:0A7CH         LINE#         312
  C:0A7FH         LINE#         313
  C:0A81H         LINE#         315
  C:0A84H         LINE#         316
  C:0A93H         LINE#         317
  C:0AD8H         LINE#         320
  C:0AF7H         LINE#         321
  C:0B12H         LINE#         322
  C:0B17H         LINE#         325
  C:0B27H         LINE#         326
  C:0B2BH         LINE#         328
  C:0B37H         LINE#         329
  C:0B37H         LINE#         330
  C:0B3FH         LINE#         331
  C:0B41H         LINE#         333
  C:0B41H         LINE#         334
  C:0B44H         LINE#         335
  C:0B49H         LINE#         336
  C:0B49H         LINE#         339
  C:0B49H         LINE#         340
  C:0B59H         LINE#         341
  C:0B59H         LINE#         342
  C:0B59H         LINE#         343
  -------         ENDPROC       _OLED_PRINTF_FLOAT
  -------         PROC          _OLED_DELAYUS
  D:0006H         SYMBOL        num
  C:12D3H         LINE#         345
  C:12D3H         LINE#         346
  C:12D3H         LINE#         347
  C:12DDH         LINE#         348
  -------         ENDPROC       _OLED_DELAYUS
  -------         PROC          _OLED_DELAYMS
  D:0006H         SYMBOL        num
  -------         DO            
  D:0006H         SYMBOL        x
  D:0004H         SYMBOL        y
  -------         ENDDO         
  C:120BH         LINE#         350
  C:120BH         LINE#         351
  C:120BH         LINE#         353
  C:1214H         LINE#         354
BL51 BANKED LINKER/LOCATER V6.22.2.0                                                  05/27/2023  16:07:47  PAGE 11


  C:1228H         LINE#         355
  -------         ENDPROC       _OLED_DELAYMS
  -------         ENDMOD        OLED

  -------         MODULE        ULTRA_SONIC
  C:0000H         SYMBOL        _ICE_DUMMY_
  B:00A0H.1       PUBLIC        Echo
  D:0090H         PUBLIC        P1
  D:00A0H         PUBLIC        P2
  D:00B0H         PUBLIC        P3
  D:00A8H         PUBLIC        IE
  B:00A0H.0       PUBLIC        Trig
  D:00B8H         PUBLIC        IP
  D:0031H         PUBLIC        Distance
  D:0098H         PUBLIC        SCON
  D:0089H         PUBLIC        TMOD
  D:0088H         PUBLIC        TCON
  C:12F0H         PUBLIC        Delay20us
  C:12C7H         PUBLIC        Timer1Init
  D:008DH         PUBLIC        TH1
  D:008BH         PUBLIC        TL1
  B:0088H.6       PUBLIC        TR1
  C:0E8DH         PUBLIC        Measure_Distance
  D:00C8H         PUBLIC        T2CON
  D:00D0H         PUBLIC        PSW
  C:0003H         PUBLIC        StartModule
  -------         PROC          MEASURE_DISTANCE
  -------         DO            
  D:002DH         SYMBOL        dis
  -------         ENDDO         
  C:0E8DH         LINE#         5
  C:0E8DH         LINE#         6
  C:0E8DH         LINE#         7
  C:0E96H         LINE#         8
  C:0E99H         LINE#         9
  C:0E9CH         LINE#         11
  C:0E9FH         LINE#         12
  C:0EA1H         LINE#         13
  C:0EA4H         LINE#         14
  C:0EA6H         LINE#         17
  C:0EB1H         LINE#         18
  C:0EC4H         LINE#         19
  C:0ED7H         LINE#         20
  C:0EF4H         LINE#         21
  -------         ENDPROC       MEASURE_DISTANCE
  -------         PROC          STARTMODULE
  C:0003H         LINE#         24
  C:0003H         LINE#         25
  C:0003H         LINE#         26
  C:0005H         LINE#         27
  C:0008H         LINE#         28
  C:000AH         LINE#         29
  -------         ENDPROC       STARTMODULE
  -------         PROC          TIMER1INIT
  C:12C7H         LINE#         32
  C:12C7H         LINE#         33
  C:12C7H         LINE#         34
BL51 BANKED LINKER/LOCATER V6.22.2.0                                                  05/27/2023  16:07:47  PAGE 12


  C:12CAH         LINE#         35
  C:12CDH         LINE#         36
  C:12D0H         LINE#         37
  C:12D2H         LINE#         38
  -------         ENDPROC       TIMER1INIT
  -------         PROC          DELAY20US
  -------         DO            
  D:0007H         SYMBOL        i
  -------         ENDDO         
  C:12F0H         LINE#         40
  C:12F0H         LINE#         41
  C:12F0H         LINE#         43
  C:12F1H         LINE#         44
  C:12F3H         LINE#         45
  C:12F5H         LINE#         46
  -------         ENDPROC       DELAY20US
  -------         ENDMOD        ULTRA_SONIC

  -------         MODULE        BLUETOOTH
  C:0000H         SYMBOL        _ICE_DUMMY_
  D:0090H         PUBLIC        P1
  D:00B0H         PUBLIC        P3
  B:00A8H.7       PUBLIC        EA
  C:0B5AH         PUBLIC        UART_SER
  D:00A8H         PUBLIC        IE
  B:00A8H.4       PUBLIC        ES
  D:00B8H         PUBLIC        IP
  B:0098H.0       PUBLIC        RI
  D:0019H         PUBLIC        PATTERN
  D:00CBH         PUBLIC        RCAP2H
  B:00B8H.4       PUBLIC        PS
  D:00CAH         PUBLIC        RCAP2L
  D:001BH         PUBLIC        Flag_BluetoothCar
  D:0099H         PUBLIC        SBUF
  C:000EH         PUBLIC        Bluetooth_Init
  D:0098H         PUBLIC        SCON
  D:0088H         PUBLIC        TCON
  C:0EF7H         PUBLIC        BluetoothControlCar
  D:001CH         PUBLIC        RETURN_FLAG
  D:00C8H         PUBLIC        T2CON
  D:00D0H         PUBLIC        PSW
  -------         PROC          BLUETOOTH_INIT
  C:000EH         LINE#         8
  C:000EH         LINE#         9
  C:000EH         LINE#         11
  C:0011H         LINE#         18
  C:0014H         LINE#         19
  C:0017H         LINE#         20
  C:001AH         LINE#         21
  C:001CH         LINE#         22
  C:001EH         LINE#         23
  C:0020H         LINE#         24
  -------         ENDPROC       BLUETOOTH_INIT
  -------         PROC          BLUETOOTHCONTROLCAR
  C:0EF7H         LINE#         27
  C:0EF7H         LINE#         28
  C:0EF7H         LINE#         29
BL51 BANKED LINKER/LOCATER V6.22.2.0                                                  05/27/2023  16:07:47  PAGE 13


  C:0F0CH         LINE#         30
  C:0F0CH         LINE#         31
  C:0F13H         LINE#         32
  C:0F1FH         LINE#         33
  C:0F2EH         LINE#         34
  C:0F3EH         LINE#         35
  C:0F41H         LINE#         36
  C:0F41H         LINE#         37
  C:0F41H         LINE#         38
  -------         ENDPROC       BLUETOOTHCONTROLCAR
  -------         PROC          UART_SER
  -------         DO            
  D:0007H         SYMBOL        n
  -------         ENDDO         
  C:0B5AH         LINE#         40
  C:0B69H         LINE#         43
  C:0B6BH         LINE#         44
  C:0B6DH         LINE#         46
  C:0B96H         LINE#         47
  C:0B96H         LINE#         48
  C:0B9EH         LINE#         49
  C:0BA6H         LINE#         50
  C:0BAEH         LINE#         51
  C:0BB6H         LINE#         52
  C:0BBEH         LINE#         53
  C:0BCCH         LINE#         54
  C:0BDDH         LINE#         55
  C:0BEEH         LINE#         56
  C:0BFFH         LINE#         57
  C:0C10H         LINE#         58
  C:0C1FH         LINE#         59
  C:0C1FH         LINE#         60
  C:0C1FH         LINE#         61
  -------         ENDPROC       UART_SER
  -------         ENDMOD        BLUETOOTH

  -------         MODULE        DRIVER
  C:0000H         SYMBOL        _ICE_DUMMY_
  D:0090H         PUBLIC        P1
  C:1114H         PUBLIC        Motor_Left
  D:00B0H         PUBLIC        P3
  B:00A8H.7       PUBLIC        EA
  C:1006H         PUBLIC        InterruptTimer0
  D:001EH         PUBLIC        pwm_val_left
  B:0090H.1       PUBLIC        AIN1
  B:0090H.3       PUBLIC        BIN1
  B:0090H.2       PUBLIC        AIN2
  B:0090H.4       PUBLIC        BIN2
  D:00A8H         PUBLIC        IE
  D:00B8H         PUBLIC        IP
  C:1293H         PUBLIC        Driver_Timer0Init
  C:12FBH         PUBLIC        Motor_Stop
  D:0098H         PUBLIC        SCON
  D:0089H         PUBLIC        TMOD
  D:0088H         PUBLIC        TCON
  B:0090H.0       PUBLIC        PWMA
  B:0090H.5       PUBLIC        PWMB
BL51 BANKED LINKER/LOCATER V6.22.2.0                                                  05/27/2023  16:07:47  PAGE 14


  B:00A8H.1       PUBLIC        ET0
  B:0088H.5       PUBLIC        TF0
  D:008CH         PUBLIC        TH0
  D:008AH         PUBLIC        TL0
  B:00B8H.1       PUBLIC        PT0
  B:0088H.4       PUBLIC        TR0
  D:00C8H         PUBLIC        T2CON
  C:113DH         PUBLIC        Motor_Right
  D:00D0H         PUBLIC        PSW
  D:001FH         PUBLIC        pwm_val_right
  -------         PROC          DRIVER_TIMER0INIT
  C:1293H         LINE#         6
  C:1293H         LINE#         7
  C:1293H         LINE#         8
  C:1296H         LINE#         9
  C:1299H         LINE#         11
  C:129CH         LINE#         12
  C:129FH         LINE#         15
  C:12A1H         LINE#         16
  C:12A3H         LINE#         18
  C:12A5H         LINE#         20
  C:12A7H         LINE#         22
  C:12A9H         LINE#         27
  -------         ENDPROC       DRIVER_TIMER0INIT
  -------         PROC          MOTOR_LEFT
  B:0020H.0       SYMBOL        Dir
  D:0021H         SYMBOL        DutyCycle
  C:1114H         LINE#         29
  C:1114H         LINE#         30
  C:1114H         LINE#         31
  C:1117H         LINE#         32
  C:1117H         LINE#         33
  C:1119H         LINE#         34
  C:111BH         LINE#         35
  C:111DH         LINE#         36
  C:1124H         LINE#         37
  C:1124H         LINE#         38
  C:1126H         LINE#         39
  C:1127H         LINE#         41
  C:1127H         LINE#         42
  C:1129H         LINE#         43
  C:1129H         LINE#         44
  C:112AH         LINE#         46
  C:112AH         LINE#         47
  C:112CH         LINE#         48
  C:112EH         LINE#         49
  C:1130H         LINE#         50
  C:1137H         LINE#         51
  C:1137H         LINE#         52
  C:1139H         LINE#         53
  C:113AH         LINE#         55
  C:113AH         LINE#         56
  C:113CH         LINE#         57
  C:113CH         LINE#         58
  C:113CH         LINE#         59
  -------         ENDPROC       MOTOR_LEFT
  -------         PROC          MOTOR_RIGHT
BL51 BANKED LINKER/LOCATER V6.22.2.0                                                  05/27/2023  16:07:47  PAGE 15


  B:0020H.0       SYMBOL        Dir
  D:0021H         SYMBOL        DutyCycle
  C:113DH         LINE#         61
  C:113DH         LINE#         62
  C:113DH         LINE#         63
  C:1140H         LINE#         64
  C:1140H         LINE#         65
  C:1142H         LINE#         66
  C:1144H         LINE#         67
  C:1146H         LINE#         68
  C:114DH         LINE#         69
  C:114DH         LINE#         70
  C:114FH         LINE#         71
  C:1150H         LINE#         73
  C:1150H         LINE#         74
  C:1152H         LINE#         75
  C:1152H         LINE#         76
  C:1153H         LINE#         78
  C:1153H         LINE#         79
  C:1155H         LINE#         80
  C:1157H         LINE#         81
  C:1159H         LINE#         82
  C:1160H         LINE#         83
  C:1160H         LINE#         84
  C:1162H         LINE#         85
  C:1163H         LINE#         87
  C:1163H         LINE#         88
  C:1165H         LINE#         89
  C:1165H         LINE#         90
  C:1165H         LINE#         91
  -------         ENDPROC       MOTOR_RIGHT
  -------         PROC          MOTOR_STOP
  C:12FBH         LINE#         93
  C:12FBH         LINE#         94
  C:12FBH         LINE#         95
  C:12FDH         LINE#         96
  C:12FFH         LINE#         97
  -------         ENDPROC       MOTOR_STOP
  -------         PROC          INTERRUPTTIMER0
  C:1006H         LINE#         99
  C:100AH         LINE#         101
  C:100CH         LINE#         102
  C:100FH         LINE#         103
  C:1012H         LINE#         104
  C:1014H         LINE#         105
  C:1016H         LINE#         106
  C:1021H         LINE#         107
  C:1021H         LINE#         108
  C:1024H         LINE#         109
  C:1024H         LINE#         110
  C:102FH         LINE#         111
  C:102FH         LINE#         112
  C:1032H         LINE#         113
  C:1032H         LINE#         114
  C:1034H         LINE#         115
  -------         ENDPROC       INTERRUPTTIMER0
  -------         ENDMOD        DRIVER
BL51 BANKED LINKER/LOCATER V6.22.2.0                                                  05/27/2023  16:07:47  PAGE 16



  -------         MODULE        TRACKING
  C:0000H         SYMBOL        _ICE_DUMMY_
  D:0080H         PUBLIC        P0
  D:0090H         PUBLIC        P1
  D:00B0H         PUBLIC        P3
  D:00A8H         PUBLIC        IE
  D:00B8H         PUBLIC        IP
  D:0035H         PUBLIC        flag
  C:1068H         PUBLIC        dazhuan1
  C:1093H         PUBLIC        dazhuan2
  C:10BEH         PUBLIC        weitiao1
  C:10E9H         PUBLIC        weitiao2
  C:12AAH         PUBLIC        zhizou
  D:0036H         PUBLIC        Infrared
  D:0098H         PUBLIC        SCON
  D:0088H         PUBLIC        TCON
  D:00C8H         PUBLIC        T2CON
  C:0F87H         PUBLIC        TRACK
  D:00D0H         PUBLIC        PSW
  -------         PROC          TRACK
  C:0F87H         LINE#         7
  C:0F87H         LINE#         8
  C:0F87H         LINE#         9
  C:0F8AH         LINE#         10
  C:0F90H         LINE#         11
  C:0FB8H         LINE#         12
  C:0FB8H         LINE#         13
  C:0FB8H         LINE#         15
  C:0FB8H         LINE#         16
  C:0FBBH         LINE#         17
  C:0FBBH         LINE#         18
  C:0FBEH         LINE#         19
  C:0FBEH         LINE#         20
  C:0FC1H         LINE#         21
  C:0FC1H         LINE#         22
  C:0FC4H         LINE#         23
  C:0FC4H         LINE#         25
  C:0FC4H         LINE#         27
  C:0FC4H         LINE#         28
  C:0FC4H         LINE#         29
  C:0FC4H         LINE#         31
  C:0FC4H         LINE#         33
  C:0FC7H         LINE#         35
  C:0FC7H         LINE#         36
  C:0FC7H         LINE#         37
  -------         ENDPROC       TRACK
  -------         PROC          ZHIZOU
  C:12AAH         LINE#         39
  C:12AAH         LINE#         40
  C:12AAH         LINE#         41
  -------         ENDPROC       ZHIZOU
  -------         PROC          DAZHUAN1
  C:1068H         LINE#         44
  C:1068H         LINE#         45
  C:1068H         LINE#         46
  C:106AH         LINE#         48
BL51 BANKED LINKER/LOCATER V6.22.2.0                                                  05/27/2023  16:07:47  PAGE 17


  C:106EH         LINE#         49
  C:106EH         LINE#         50
  C:107EH         LINE#         51
  C:1084H         LINE#         52
  C:1088H         LINE#         53
  C:1088H         LINE#         54
  C:1088H         LINE#         55
  C:108DH         LINE#         56
  C:108DH         LINE#         57
  C:1092H         LINE#         58
  C:1092H         LINE#         59
  C:1092H         LINE#         60
  -------         ENDPROC       DAZHUAN1
  -------         PROC          DAZHUAN2
  C:1093H         LINE#         62
  C:1093H         LINE#         63
  C:1093H         LINE#         64
  C:1095H         LINE#         65
  C:1099H         LINE#         66
  C:1099H         LINE#         67
  C:10A9H         LINE#         68
  C:10AFH         LINE#         69
  C:10B3H         LINE#         70
  C:10B3H         LINE#         71
  C:10B3H         LINE#         72
  C:10B8H         LINE#         73
  C:10B8H         LINE#         74
  C:10BDH         LINE#         75
  C:10BDH         LINE#         76
  C:10BDH         LINE#         77
  -------         ENDPROC       DAZHUAN2
  -------         PROC          WEITIAO1
  C:10BEH         LINE#         79
  C:10BEH         LINE#         80
  C:10BEH         LINE#         81
  C:10C0H         LINE#         82
  C:10C4H         LINE#         83
  C:10C4H         LINE#         84
  C:10D4H         LINE#         85
  C:10DAH         LINE#         86
  C:10DEH         LINE#         87
  C:10DEH         LINE#         88
  C:10DEH         LINE#         89
  C:10E3H         LINE#         90
  C:10E3H         LINE#         91
  C:10E8H         LINE#         92
  C:10E8H         LINE#         93
  C:10E8H         LINE#         94
  -------         ENDPROC       WEITIAO1
  -------         PROC          WEITIAO2
  C:10E9H         LINE#         96
  C:10E9H         LINE#         97
  C:10E9H         LINE#         98
  C:10EBH         LINE#         99
  C:10EFH         LINE#         100
  C:10EFH         LINE#         101
  C:10FFH         LINE#         102
BL51 BANKED LINKER/LOCATER V6.22.2.0                                                  05/27/2023  16:07:47  PAGE 18


  C:1105H         LINE#         103
  C:1109H         LINE#         104
  C:1109H         LINE#         105
  C:1109H         LINE#         106
  C:110EH         LINE#         107
  C:110EH         LINE#         108
  C:1113H         LINE#         109
  C:1113H         LINE#         110
  C:1113H         LINE#         111
  -------         ENDPROC       WEITIAO2
  -------         ENDMOD        TRACKING

  -------         MODULE        OBSTACLE_AVOIDANCE
  C:0000H         SYMBOL        _ICE_DUMMY_
  D:0090H         PUBLIC        P1
  D:00A0H         PUBLIC        P2
  D:00B0H         PUBLIC        P3
  D:0037H         PUBLIC        counter
  D:00A8H         PUBLIC        IE
  D:00B8H         PUBLIC        IP
  D:0098H         PUBLIC        SCON
  D:0088H         PUBLIC        TCON
  C:0E16H         PUBLIC        ObstacleAvoidance
  D:00C8H         PUBLIC        T2CON
  D:00D0H         PUBLIC        PSW
  -------         PROC          OBSTACLEAVOIDANCE
  C:0E16H         LINE#         4
  C:0E16H         LINE#         5
  C:0E16H         LINE#         6
  C:0E1CH         LINE#         7
  C:0E1CH         LINE#         8
  C:0E1FH         LINE#         9
  C:0E22H         LINE#         10
  C:0E38H         LINE#         11
  C:0E3EH         LINE#         12
  C:0E3FH         LINE#         13
  C:0E4CH         LINE#         14
  C:0E4CH         LINE#         15
  C:0E5CH         LINE#         16
  C:0E64H         LINE#         17
  C:0E65H         LINE#         18
  C:0E6EH         LINE#         19
  C:0E6EH         LINE#         20
  C:0E7EH         LINE#         21
  C:0E86H         LINE#         22
  C:0E87H         LINE#         24
  C:0E8CH         LINE#         25
  -------         ENDPROC       OBSTACLEAVOIDANCE
  -------         ENDMOD        OBSTACLE_AVOIDANCE

  -------         MODULE        ?C?FPADD
  C:0633H         PUBLIC        ?C?FPADD
  C:062FH         PUBLIC        ?C?FPSUB
  -------         ENDMOD        ?C?FPADD

  -------         MODULE        ?C?FPMUL
  C:0724H         PUBLIC        ?C?FPMUL
BL51 BANKED LINKER/LOCATER V6.22.2.0                                                  05/27/2023  16:07:47  PAGE 19


  -------         ENDMOD        ?C?FPMUL

  -------         MODULE        ?C?FPCMP
  C:082CH         PUBLIC        ?C?FPCMP
  C:082AH         PUBLIC        ?C?FPCMP3
  -------         ENDMOD        ?C?FPCMP

  -------         MODULE        ?C?FPNEG
  C:08A3H         PUBLIC        ?C?FPNEG
  -------         ENDMOD        ?C?FPNEG

  -------         MODULE        ?C?FCAST
  C:08BEH         PUBLIC        ?C?FCASTC
  C:08B9H         PUBLIC        ?C?FCASTI
  C:08B4H         PUBLIC        ?C?FCASTL
  -------         ENDMOD        ?C?FCAST

  -------         MODULE        ?C?CASTF
  C:08F2H         PUBLIC        ?C?CASTF
  -------         ENDMOD        ?C?CASTF

  -------         MODULE        ?C?CLDOPTR
  C:0973H         PUBLIC        ?C?CLDOPTR
  -------         ENDMOD        ?C?CLDOPTR

  -------         MODULE        ?C?IMUL
  C:09A0H         PUBLIC        ?C?IMUL
  -------         ENDMOD        ?C?IMUL

  -------         MODULE        ?C?UIDIV
  C:09B2H         PUBLIC        ?C?UIDIV
  -------         ENDMOD        ?C?UIDIV

  -------         MODULE        ?C?LNEG
  C:0A07H         PUBLIC        ?C?LNEG
  -------         ENDMOD        ?C?LNEG

  -------         MODULE        ?C?LSHL
  C:0A15H         PUBLIC        ?C?LSHL
  -------         ENDMOD        ?C?LSHL

  -------         MODULE        ?C?CCASE
  C:0A28H         PUBLIC        ?C?CCASE
  -------         ENDMOD        ?C?CCASE

*** WARNING L16: UNCALLED SEGMENT, IGNORED FOR OVERLAY PROCESS
    SEGMENT: ?PR?QUIET?MAIN

*** WARNING L16: UNCALLED SEGMENT, IGNORED FOR OVERLAY PROCESS
    SEGMENT: ?PR?RUN?MAIN

*** WARNING L16: UNCALLED SEGMENT, IGNORED FOR OVERLAY PROCESS
    SEGMENT: ?PR?UNICOLED?MAIN

*** WARNING L16: UNCALLED SEGMENT, IGNORED FOR OVERLAY PROCESS
    SEGMENT: ?PR?UNICTRAC?MAIN

BL51 BANKED LINKER/LOCATER V6.22.2.0                                                  05/27/2023  16:07:47  PAGE 20


*** WARNING L16: UNCALLED SEGMENT, IGNORED FOR OVERLAY PROCESS
    SEGMENT: ?PR?BLUETOOTHCON?MAIN

*** WARNING L16: UNCALLED SEGMENT, IGNORED FOR OVERLAY PROCESS
    SEGMENT: ?PR?OLED_INIT?OLED

*** WARNING L16: UNCALLED SEGMENT, IGNORED FOR OVERLAY PROCESS
    SEGMENT: ?PR?BLUETOOTH_INIT?BLUETOOTH

Program Size: data=57.1 xdata=0 code=4865
LINK/LOCATE RUN COMPLETE.  7 WARNING(S),  0 ERROR(S)
