C51 COMPILER V9.57.0.0   ULTRASONIC                                                        04/05/2022 16:41:47 PAGE 1   


C51 COMPILER V9.57.0.0, COMPILATION OF MODULE ULTRASONIC
OBJECT MODULE PLACED IN .\Objects\UltraSonic.obj
COMPILER INVOKED BY: D:\Keil_C51\C51\BIN\C51.EXE UltraSonic.c OPTIMIZE(8,SPEED) BROWSE DEBUG OBJECTEXTEND PRINT(.\Listin
                    -gs\UltraSonic.lst) OBJECT(.\Objects\UltraSonic.obj)

line level    source

   1          #include <UltraSonic.h>
   2          
   3          long int Distance = 0;
   4          
   5          long Measure_Distance(void)//距离测量函数
   6          {
   7   1              Timer1Init(); //配置定时器0
*** WARNING C206 IN LINE 7 OF UltraSonic.c: 'Timer1Init': missing function-prototype
   8   1              StartModule(); //触发超声波
*** WARNING C206 IN LINE 8 OF UltraSonic.c: 'StartModule': missing function-prototype
   9   1              
  10   1              while(!Echo); //等待超声波的返回脉冲
*** ERROR C202 IN LINE 10 OF UltraSonic.c: 'Echo': undefined identifier
  11   1              TR1 = 1;      //打开定时器，开始计时
*** ERROR C202 IN LINE 11 OF UltraSonic.c: 'TR1': undefined identifier
  12   1              while(Echo);  //等待超声波的返回脉冲结束
*** ERROR C202 IN LINE 12 OF UltraSonic.c: 'Echo': undefined identifier
  13   1              TR1 = 0;      //计时结束
*** ERROR C202 IN LINE 13 OF UltraSonic.c: 'TR1': undefined identifier
  14   1              
  15   1              Distance = ((TH1*256+TL1)*VELOCITY)/2+1; //计算距离
*** ERROR C202 IN LINE 15 OF UltraSonic.c: 'TH1': undefined identifier
  16   1              return Distance;
  17   1      }
  18          
  19          void StartModule() //触发一次超声波模块
  20          {
*** ERROR C231 IN LINE 20 OF UltraSonic.c: 'StartModule': redefinition
  21   1              Trig = 1;
*** ERROR C202 IN LINE 21 OF UltraSonic.c: 'Trig': undefined identifier
  22   1              Delay20us();
  23   1              Trig = 0;
  24   1      }
  25          
  26          
  27          void Timer1Init(void)
  28          {
  29   1              TMOD &= 0x0F;           //设置定时器模式
  30   1              TMOD |= 0x10;           //设置定时器模式
  31   1              TL1 = 0;
  32   1              TH1 = 0;
  33   1      }
  34          
  35          void Delay20us()                //@12.000MHz
  36          {
  37   1              unsigned char i;
  38   1              _nop_();
  39   1              i = 7;
  40   1              while (--i);
  41   1      }

C51 COMPILATION COMPLETE.  2 WARNING(S),  7 ERROR(S)
